test1<div><a class="clickable">Component1</a></div><cat-test2 id="unique2">test2<span><a class="clickable">Component2Component1</a></span>
</cat-test2>
