test1<div><a class="clickable"><span><div class="toclick"></div>Component1</span></a>Component1</div>
