<title>Second title</title>
<base href="someLink2" target="_parent">
<style type="text/css">some styles1</style><style type="text/css">some styles2</style><script type="application/javascript">some scripts1</script><script type="application/javascript">some scripts2</script><script type="application/javascript" src="someScriptSrc1"></script><script type="application/javascript" src="someScriptSrc2"></script><link rel="stylesheet" href="someStyleLink1"><link rel="stylesheet" href="someStyleLink2"><noscript>noScript2</noscript>


<script type="application/javascript" src="someScriptSrc1x"></script>

<meta name="name1" content="value1">
<style type="text/css">some styles3</style>
<script type="application/javascript">some scripts3</script>
<script type="application/javascript" src="someScriptSrc3"></script>
<link rel="stylesheet" href="someStyleLink3">
<link rel="author" href="Mr.UltraCat">
<meta name="name4" content="value4">
