<div>Hello from test1</div>
<cat-test2><span>Hello from test2
	<cat-test3>test3<br><div>Hello, World!</div>
</cat-test3>
</span>
</cat-test2>
<cat-test3>test3<br><div>Hello, World!</div>
</cat-test3>
