<div>Hello from test1</div>
<cat-test2 id="test1-1"><span>Hello from test2
	<cat-test3 id="test2-1">test3<br><div>Hello, World!</div>
<cat-test1 id="test3-1"></cat-test1>
</cat-test3>
</span>
</cat-test2>
<cat-test3 id="test1-2">test3<br><div>Hello, World!</div>
<cat-test1 id="test3-1"><div>Hello from test1</div>
<cat-test2 id="test1-1"></cat-test2>
<cat-test3 id="test1-2"></cat-test3>
</cat-test1>
</cat-test3>
