test1<div><a class="clickable"><span><div class="toclick"></div></span></a></div>
