<!DOCTYPE html>
<html>
	<head></head>
	<body>
		document â€“ document
		<cat-comp id="1">
		</cat-comp>
		<cat-async-comp id="2"></cat-async-comp>
	</body>
</html>
