<!DOCTYPE html>
<html>
	<head><title>Hello</title></head>
	<body>
		document â€“ document
		<cat-comp>
		</cat-comp>
		<cat-async-comp>
<div>async-comp</div>
</cat-async-comp>
		<cat-async-comp/>
	</body>
</html>
