<!DOCTYPE html>
<html>
	<head>
<span>head</span>
</head>
	<body>
		document â€“ document
		<cat-comp id="1">
<span>comp</span>

		</cat-comp>
		<cat-async-comp id="2">
<span>async-comp</span>
</cat-async-comp>
	</body>
</html>
