<!DOCTYPE html>
<html>
	<head cat-store="folder/store2">
<span>folder/store2</span>
</head>
	<body>
		document â€“ document
		<cat-comp id="1" cat-store="store1">
<span>store1</span>

		</cat-comp>
		<cat-async-comp id="2" cat-store="folder/store2">
<span>folder/store2</span>
</cat-async-comp>
	</body>
</html>
