<!DOCTYPE html>
<html>
	<head>
<title>head – head</title>
</head>
	<body>
		document – document
		<cat-comp>
<div>comp</div>

		</cat-comp>
		<cat-async-comp>
<div>async-comp</div>
</cat-async-comp>
	</body>
</html>
