<!DOCTYPE html>
<html>
	<head cat-store="folder/store2">
<title>head – folder/store2</title>
</head>
	<body>
		document – null
		<cat-comp cat-store="store1">
<div>store1</div>

		</cat-comp>
		<cat-async-comp cat-store="folder/store2">
<div>folder/store2</div>
</cat-async-comp>
	</body>
</html>
