<!DOCTYPE html>
<html>
	<head>
<title>head â€“ head</title>
</head>
	<body>
		document â€“ document
		<cat-comp id="1">
<cat-nested id="comp-nested-1">
<div>nested</div>
</cat-nested>
<cat-async-nested id="comp-nested-2">
<div>async-nested</div>
</cat-async-nested>

		</cat-comp>
		<cat-async-comp id="2">
<cat-nested id="async-comp-nested-1">
<div>nested</div>
</cat-nested>
<cat-async-nested id="async-comp-nested-2">
<div>async-nested</div>
</cat-async-nested>
</cat-async-comp>
	</body>
</html>
