<!DOCTYPE html>
<html>
	<head><title>Hello</title></head>
	<body>
		document â€“ document
		<cat-comp></cat-comp>
		<cat-async-comp/>
		<head></head>
		<document></document>
	</body>
</html>
